2026-06-24 19:32:48,896 [Worker-1: Loading available Gradle versions] INFO  o.e.b.c.i.u.g.PublishedGradleVersions - Gradle version information cache is up-to-date. Trying to read.
2026-06-24 19:33:25,733 [Worker-15: Importing Maven projects] INFO  o.e.m.c.i.l.LifecycleMappingFactory - Using org.eclipse.m2e.jdt.JarLifecycleMapping lifecycle mapping for MavenProject: com.example:demo:0.0.1-SNAPSHOT @ C:\ex2\demo\pom.xml.
2026-06-24 19:33:27,689 [Worker-15: Importing Maven projects] INFO  o.e.m.j.i.AbstractJavaProjectConfigurator - Adding source folder /demo/src/main/java
2026-06-24 19:33:27,691 [Worker-15: Importing Maven projects] INFO  o.e.m.j.i.AbstractJavaProjectConfigurator - Adding resource folder /demo/src/main/resources
2026-06-24 19:33:27,698 [Worker-15: Importing Maven projects] INFO  o.e.m.j.i.AbstractJavaProjectConfigurator - Adding resource folder /demo/src/main/resources
2026-06-24 19:33:27,704 [Worker-15: Importing Maven projects] INFO  o.e.m.j.i.AbstractJavaProjectConfigurator - Adding source folder /demo/src/test/java
2026-06-24 19:33:27,706 [Worker-15: Importing Maven projects] INFO  o.e.m.j.i.AbstractJavaProjectConfigurator - Adding resource folder /demo/src/test/resources
2026-06-24 19:33:29,034 [Worker-15: Importing Maven projects] INFO  o.e.m.c.i.p.ProjectConfigurationManager - Imported and configured 1 project(s) in 8 sec
2026-06-24 19:33:30,825 [Worker-2: Building] INFO  o.a.m.s.f.DefaultMavenResourcesFiltering - Copying 1 resource from src\main\resources to target\classes
2026-06-24 19:33:30,855 [Worker-2: Building] INFO  o.a.m.s.f.DefaultMavenResourcesFiltering - Copying 0 resource from src\main\resources to target\classes
2026-06-24 19:33:30,862 [Worker-2: Building] INFO  o.a.m.s.f.DefaultMavenResourcesFiltering - skip non existing resourceDirectory C:\ex2\demo\src\test\resources
2026-06-24 19:34:09,727 [Worker-19: Building] INFO  o.a.m.s.f.DefaultMavenResourcesFiltering - Copying 1 resource from src\main\resources to target\classes
2026-06-24 19:34:09,739 [Worker-19: Building] INFO  o.a.m.s.f.DefaultMavenResourcesFiltering - Copying 0 resource from src\main\resources to target\classes
2026-06-24 19:34:09,749 [Worker-19: Building] INFO  o.a.m.s.f.DefaultMavenResourcesFiltering - skip non existing resourceDirectory C:\ex2\demo\src\test\resources
2026-06-24 19:36:24,165 [Worker-10: Building] INFO  o.a.m.s.f.DefaultMavenResourcesFiltering - Copying 1 resource from src\main\resources to target\classes
2026-06-24 19:36:24,181 [Worker-10: Building] INFO  o.a.m.s.f.DefaultMavenResourcesFiltering - Copying 0 resource from src\main\resources to target\classes
2026-06-24 19:36:24,187 [Worker-10: Building] INFO  o.a.m.s.f.DefaultMavenResourcesFiltering - skip non existing resourceDirectory C:\ex2\demo\src\test\resources
2026-06-24 19:36:59,825 [main] INFO  o.e.m2e.actions.ExecutePomAction - Creating new launch configuration
2026-06-24 19:37:09,520 [Worker-3: Launching demo] INFO  o.eclipse.m2e.core.internal.Bundles - getClasspathEntries(Bundle=org.eclipse.m2e.maven.runtime_3.9.700.20240602-2313 [645])
2026-06-24 19:37:09,523 [Worker-3: Launching demo] INFO  o.eclipse.m2e.core.internal.Bundles - 	Entry: D:\EclipseIDE\eclipse\plugins\org.eclipse.m2e.maven.runtime_3.9.700.20240602-2313
2026-06-24 19:37:09,524 [Worker-3: Launching demo] INFO  o.eclipse.m2e.core.internal.Bundles - 	Entry: D:\EclipseIDE\eclipse\plugins\org.eclipse.m2e.maven.runtime_3.9.700.20240602-2313\jars\aopalliance-1.0.jar
2026-06-24 19:37:09,524 [Worker-3: Launching demo] INFO  o.eclipse.m2e.core.internal.Bundles - 	Entry: D:\EclipseIDE\eclipse\plugins\org.eclipse.m2e.maven.runtime_3.9.700.20240602-2313\jars\guice-5.1.0.jar
2026-06-24 19:37:09,524 [Worker-3: Launching demo] INFO  o.eclipse.m2e.core.internal.Bundles - 	Entry: D:\EclipseIDE\eclipse\plugins\org.eclipse.m2e.maven.runtime_3.9.700.20240602-2313\jars\httpclient-4.5.14.jar
2026-06-24 19:37:09,524 [Worker-3: Launching demo] INFO  o.eclipse.m2e.core.internal.Bundles - 	Entry: D:\EclipseIDE\eclipse\plugins\org.eclipse.m2e.maven.runtime_3.9.700.20240602-2313\jars\httpcore-4.4.16.jar
2026-06-24 19:37:09,525 [Worker-3: Launching demo] INFO  o.eclipse.m2e.core.internal.Bundles - 	Entry: D:\EclipseIDE\eclipse\plugins\org.eclipse.m2e.maven.runtime_3.9.700.20240602-2313\jars\jansi-2.4.1.jar
2026-06-24 19:37:09,525 [Worker-3: Launching demo] INFO  o.eclipse.m2e.core.internal.Bundles - 	Entry: D:\EclipseIDE\eclipse\plugins\org.eclipse.m2e.maven.runtime_3.9.700.20240602-2313\jars\jcl-over-slf4j-1.7.36.jar
2026-06-24 19:37:09,525 [Worker-3: Launching demo] INFO  o.eclipse.m2e.core.internal.Bundles - 	Entry: D:\EclipseIDE\eclipse\plugins\org.eclipse.m2e.maven.runtime_3.9.700.20240602-2313\jars\maven-artifact-3.9.7.jar
2026-06-24 19:37:09,525 [Worker-3: Launching demo] INFO  o.eclipse.m2e.core.internal.Bundles - 	Entry: D:\EclipseIDE\eclipse\plugins\org.eclipse.m2e.maven.runtime_3.9.700.20240602-2313\jars\maven-builder-support-3.9.7.jar
2026-06-24 19:37:09,525 [Worker-3: Launching demo] INFO  o.eclipse.m2e.core.internal.Bundles - 	Entry: D:\EclipseIDE\eclipse\plugins\org.eclipse.m2e.maven.runtime_3.9.700.20240602-2313\jars\maven-compat-3.9.7.jar
2026-06-24 19:37:09,526 [Worker-3: Launching demo] INFO  o.eclipse.m2e.core.internal.Bundles - 	Entry: D:\EclipseIDE\eclipse\plugins\org.eclipse.m2e.maven.runtime_3.9.700.20240602-2313\jars\maven-core-3.9.7.jar
2026-06-24 19:37:09,526 [Worker-3: Launching demo] INFO  o.eclipse.m2e.core.internal.Bundles - 	Entry: D:\EclipseIDE\eclipse\plugins\org.eclipse.m2e.maven.runtime_3.9.700.20240602-2313\jars\maven-embedder-3.9.7.jar
2026-06-24 19:37:09,526 [Worker-3: Launching demo] INFO  o.eclipse.m2e.core.internal.Bundles - 	Entry: D:\EclipseIDE\eclipse\plugins\org.eclipse.m2e.maven.runtime_3.9.700.20240602-2313\jars\maven-model-3.9.7.jar
2026-06-24 19:37:09,526 [Worker-3: Launching demo] INFO  o.eclipse.m2e.core.internal.Bundles - 	Entry: D:\EclipseIDE\eclipse\plugins\org.eclipse.m2e.maven.runtime_3.9.700.20240602-2313\jars\maven-model-builder-3.9.7.jar
2026-06-24 19:37:09,526 [Worker-3: Launching demo] INFO  o.eclipse.m2e.core.internal.Bundles - 	Entry: D:\EclipseIDE\eclipse\plugins\org.eclipse.m2e.maven.runtime_3.9.700.20240602-2313\jars\maven-plugin-api-3.9.7.jar
2026-06-24 19:37:09,526 [Worker-3: Launching demo] INFO  o.eclipse.m2e.core.internal.Bundles - 	Entry: D:\EclipseIDE\eclipse\plugins\org.eclipse.m2e.maven.runtime_3.9.700.20240602-2313\jars\maven-repository-metadata-3.9.7.jar
2026-06-24 19:37:09,526 [Worker-3: Launching demo] INFO  o.eclipse.m2e.core.internal.Bundles - 	Entry: D:\EclipseIDE\eclipse\plugins\org.eclipse.m2e.maven.runtime_3.9.700.20240602-2313\jars\maven-resolver-api-1.9.20.jar
2026-06-24 19:37:09,527 [Worker-3: Launching demo] INFO  o.eclipse.m2e.core.internal.Bundles - 	Entry: D:\EclipseIDE\eclipse\plugins\org.eclipse.m2e.maven.runtime_3.9.700.20240602-2313\jars\maven-resolver-connector-basic-1.9.20.jar
2026-06-24 19:37:09,527 [Worker-3: Launching demo] INFO  o.eclipse.m2e.core.internal.Bundles - 	Entry: D:\EclipseIDE\eclipse\plugins\org.eclipse.m2e.maven.runtime_3.9.700.20240602-2313\jars\maven-resolver-impl-1.9.20.jar
2026-06-24 19:37:09,527 [Worker-3: Launching demo] INFO  o.eclipse.m2e.core.internal.Bundles - 	Entry: D:\EclipseIDE\eclipse\plugins\org.eclipse.m2e.maven.runtime_3.9.700.20240602-2313\jars\maven-resolver-named-locks-1.9.20.jar
2026-06-24 19:37:09,527 [Worker-3: Launching demo] INFO  o.eclipse.m2e.core.internal.Bundles - 	Entry: D:\EclipseIDE\eclipse\plugins\org.eclipse.m2e.maven.runtime_3.9.700.20240602-2313\jars\maven-resolver-provider-3.9.7.jar
2026-06-24 19:37:09,527 [Worker-3: Launching demo] INFO  o.eclipse.m2e.core.internal.Bundles - 	Entry: D:\EclipseIDE\eclipse\plugins\org.eclipse.m2e.maven.runtime_3.9.700.20240602-2313\jars\maven-resolver-spi-1.9.20.jar
2026-06-24 19:37:09,527 [Worker-3: Launching demo] INFO  o.eclipse.m2e.core.internal.Bundles - 	Entry: D:\EclipseIDE\eclipse\plugins\org.eclipse.m2e.maven.runtime_3.9.700.20240602-2313\jars\maven-resolver-transport-file-1.9.20.jar
2026-06-24 19:37:09,527 [Worker-3: Launching demo] INFO  o.eclipse.m2e.core.internal.Bundles - 	Entry: D:\EclipseIDE\eclipse\plugins\org.eclipse.m2e.maven.runtime_3.9.700.20240602-2313\jars\maven-resolver-transport-http-1.9.20.jar
2026-06-24 19:37:09,528 [Worker-3: Launching demo] INFO  o.eclipse.m2e.core.internal.Bundles - 	Entry: D:\EclipseIDE\eclipse\plugins\org.eclipse.m2e.maven.runtime_3.9.700.20240602-2313\jars\maven-resolver-transport-wagon-1.9.20.jar
2026-06-24 19:37:09,528 [Worker-3: Launching demo] INFO  o.eclipse.m2e.core.internal.Bundles - 	Entry: D:\EclipseIDE\eclipse\plugins\org.eclipse.m2e.maven.runtime_3.9.700.20240602-2313\jars\maven-resolver-util-1.9.20.jar
2026-06-24 19:37:09,528 [Worker-3: Launching demo] INFO  o.eclipse.m2e.core.internal.Bundles - 	Entry: D:\EclipseIDE\eclipse\plugins\org.eclipse.m2e.maven.runtime_3.9.700.20240602-2313\jars\maven-settings-3.9.7.jar
2026-06-24 19:37:09,528 [Worker-3: Launching demo] INFO  o.eclipse.m2e.core.internal.Bundles - 	Entry: D:\EclipseIDE\eclipse\plugins\org.eclipse.m2e.maven.runtime_3.9.700.20240602-2313\jars\maven-settings-builder-3.9.7.jar
2026-06-24 19:37:09,528 [Worker-3: Launching demo] INFO  o.eclipse.m2e.core.internal.Bundles - 	Entry: D:\EclipseIDE\eclipse\plugins\org.eclipse.m2e.maven.runtime_3.9.700.20240602-2313\jars\maven-shared-utils-3.4.2.jar
2026-06-24 19:37:09,528 [Worker-3: Launching demo] INFO  o.eclipse.m2e.core.internal.Bundles - 	Entry: D:\EclipseIDE\eclipse\plugins\org.eclipse.m2e.maven.runtime_3.9.700.20240602-2313\jars\org.eclipse.sisu.inject-0.9.0.M2.jar
2026-06-24 19:37:09,528 [Worker-3: Launching demo] INFO  o.eclipse.m2e.core.internal.Bundles - 	Entry: D:\EclipseIDE\eclipse\plugins\org.eclipse.m2e.maven.runtime_3.9.700.20240602-2313\jars\org.eclipse.sisu.plexus-0.9.0.M2.jar
2026-06-24 19:37:09,529 [Worker-3: Launching demo] INFO  o.eclipse.m2e.core.internal.Bundles - 	Entry: D:\EclipseIDE\eclipse\plugins\org.eclipse.m2e.maven.runtime_3.9.700.20240602-2313\jars\plexus-build-api-0.0.7.jar
2026-06-24 19:37:09,529 [Worker-3: Launching demo] INFO  o.eclipse.m2e.core.internal.Bundles - 	Entry: D:\EclipseIDE\eclipse\plugins\org.eclipse.m2e.maven.runtime_3.9.700.20240602-2313\jars\plexus-build-api-1.2.0.jar
2026-06-24 19:37:09,529 [Worker-3: Launching demo] INFO  o.eclipse.m2e.core.internal.Bundles - 	Entry: D:\EclipseIDE\eclipse\plugins\org.eclipse.m2e.maven.runtime_3.9.700.20240602-2313\jars\plexus-cipher-2.0.jar
2026-06-24 19:37:09,529 [Worker-3: Launching demo] INFO  o.eclipse.m2e.core.internal.Bundles - 	Entry: D:\EclipseIDE\eclipse\plugins\org.eclipse.m2e.maven.runtime_3.9.700.20240602-2313\jars\plexus-classworlds-2.8.0.jar
2026-06-24 19:37:09,529 [Worker-3: Launching demo] INFO  o.eclipse.m2e.core.internal.Bundles - 	Entry: D:\EclipseIDE\eclipse\plugins\org.eclipse.m2e.maven.runtime_3.9.700.20240602-2313\jars\plexus-component-annotations-2.1.0.jar
2026-06-24 19:37:09,529 [Worker-3: Launching demo] INFO  o.eclipse.m2e.core.internal.Bundles - 	Entry: D:\EclipseIDE\eclipse\plugins\org.eclipse.m2e.maven.runtime_3.9.700.20240602-2313\jars\plexus-interpolation-1.27.jar
2026-06-24 19:37:09,529 [Worker-3: Launching demo] INFO  o.eclipse.m2e.core.internal.Bundles - 	Entry: D:\EclipseIDE\eclipse\plugins\org.eclipse.m2e.maven.runtime_3.9.700.20240602-2313\jars\plexus-sec-dispatcher-2.0.jar
2026-06-24 19:37:09,530 [Worker-3: Launching demo] INFO  o.eclipse.m2e.core.internal.Bundles - 	Entry: D:\EclipseIDE\eclipse\plugins\org.eclipse.m2e.maven.runtime_3.9.700.20240602-2313\jars\plexus-utils-3.5.1.jar
2026-06-24 19:37:09,530 [Worker-3: Launching demo] INFO  o.eclipse.m2e.core.internal.Bundles - 	Entry: D:\EclipseIDE\eclipse\plugins\org.eclipse.m2e.maven.runtime_3.9.700.20240602-2313\jars\wagon-file-3.5.3.jar
2026-06-24 19:37:09,530 [Worker-3: Launching demo] INFO  o.eclipse.m2e.core.internal.Bundles - 	Entry: D:\EclipseIDE\eclipse\plugins\org.eclipse.m2e.maven.runtime_3.9.700.20240602-2313\jars\wagon-http-3.5.3.jar
2026-06-24 19:37:09,530 [Worker-3: Launching demo] INFO  o.eclipse.m2e.core.internal.Bundles - 	Entry: D:\EclipseIDE\eclipse\plugins\org.eclipse.m2e.maven.runtime_3.9.700.20240602-2313\jars\wagon-http-shared-3.5.3.jar
2026-06-24 19:37:09,530 [Worker-3: Launching demo] INFO  o.eclipse.m2e.core.internal.Bundles - 	Entry: D:\EclipseIDE\eclipse\plugins\org.eclipse.m2e.maven.runtime_3.9.700.20240602-2313\jars\wagon-provider-api-3.5.3.jar
2026-06-24 19:37:09,531 [Worker-3: Launching demo] INFO  o.eclipse.m2e.core.internal.Bundles - getClasspathEntries(Bundle=com.google.guava_33.2.0.jre [16])
2026-06-24 19:37:09,532 [Worker-3: Launching demo] INFO  o.eclipse.m2e.core.internal.Bundles - 	Entry: D:\EclipseIDE\eclipse\plugins\com.google.guava_33.2.0.jre.jar
2026-06-24 19:37:09,532 [Worker-3: Launching demo] INFO  o.eclipse.m2e.core.internal.Bundles - getClasspathEntries(Bundle=slf4j.api_2.0.13 [1010])
2026-06-24 19:37:09,532 [Worker-3: Launching demo] INFO  o.eclipse.m2e.core.internal.Bundles - 	Entry: D:\EclipseIDE\eclipse\plugins\slf4j.api_2.0.13.jar
2026-06-24 19:37:09,532 [Worker-3: Launching demo] INFO  o.eclipse.m2e.core.internal.Bundles - getClasspathEntries(Bundle=jakarta.inject.jakarta.inject-api_1.0.5 [33])
2026-06-24 19:37:09,533 [Worker-3: Launching demo] INFO  o.eclipse.m2e.core.internal.Bundles - 	Entry: D:\EclipseIDE\eclipse\plugins\jakarta.inject.jakarta.inject-api_1.0.5.jar
2026-06-24 19:37:09,533 [Worker-3: Launching demo] INFO  o.eclipse.m2e.core.internal.Bundles - getClasspathEntries(Bundle=javax.annotation_1.3.5.v20200909-1856 [44])
2026-06-24 19:37:09,533 [Worker-3: Launching demo] INFO  o.eclipse.m2e.core.internal.Bundles - 	Entry: D:\EclipseIDE\eclipse\plugins\javax.annotation_1.3.5.v20200909-1856.jar
2026-06-24 19:37:09,533 [Worker-3: Launching demo] INFO  o.eclipse.m2e.core.internal.Bundles - getClasspathEntries(Bundle=org.apache.commons.cli_1.8.0 [78])
2026-06-24 19:37:09,533 [Worker-3: Launching demo] INFO  o.eclipse.m2e.core.internal.Bundles - 	Entry: D:\EclipseIDE\eclipse\plugins\org.apache.commons.cli_1.8.0.jar
2026-06-24 19:37:09,533 [Worker-3: Launching demo] INFO  o.eclipse.m2e.core.internal.Bundles - getClasspathEntries(Bundle=org.apache.commons.commons-codec_1.16.0 [81])
2026-06-24 19:37:09,534 [Worker-3: Launching demo] INFO  o.eclipse.m2e.core.internal.Bundles - 	Entry: D:\EclipseIDE\eclipse\plugins\org.apache.commons.commons-codec_1.16.0.jar
2026-06-24 19:37:09,534 [Worker-3: Launching demo] INFO  o.eclipse.m2e.core.internal.Bundles - getClasspathEntries(Bundle=org.apache.commons.lang3_3.14.0 [89])
2026-06-24 19:37:09,534 [Worker-3: Launching demo] INFO  o.eclipse.m2e.core.internal.Bundles - 	Entry: D:\EclipseIDE\eclipse\plugins\org.apache.commons.lang3_3.14.0.jar
2026-06-24 19:37:09,534 [Worker-3: Launching demo] INFO  o.eclipse.m2e.core.internal.Bundles - getClasspathEntries(Bundle=com.google.guava.failureaccess_1.0.2 [17])
2026-06-24 19:37:09,534 [Worker-3: Launching demo] INFO  o.eclipse.m2e.core.internal.Bundles - 	Entry: D:\EclipseIDE\eclipse\plugins\com.google.guava.failureaccess_1.0.2.jar
2026-06-24 19:37:09,539 [Worker-3: Launching demo] INFO  o.e.m.i.launch.MavenLaunchDelegate - Run build in "C:\ex2\demo":
2026-06-24 19:37:09,557 [Worker-3: Launching demo] INFO  o.e.m.i.launch.MavenLaunchDelegate -  mvn  -B -Dstyle.color=always clean install
2026-06-24 19:40:27,565 [Worker-10: Building] INFO  o.a.m.s.f.DefaultMavenResourcesFiltering - Copying 1 resource from src\main\resources to target\classes
2026-06-24 19:40:27,570 [Worker-10: Building] INFO  o.a.m.s.f.DefaultMavenResourcesFiltering - Copying 0 resource from src\main\resources to target\classes
2026-06-24 19:40:27,572 [Worker-10: Building] INFO  o.a.m.s.f.DefaultMavenResourcesFiltering - skip non existing resourceDirectory C:\ex2\demo\src\test\resources
2026-06-24 19:40:36,193 [main] INFO  o.e.m2e.actions.ExecutePomAction - Creating new launch configuration
2026-06-24 19:40:43,583 [Worker-20: Launching demo (1)] INFO  o.eclipse.m2e.core.internal.Bundles - getClasspathEntries(Bundle=org.eclipse.m2e.maven.runtime_3.9.700.20240602-2313 [645])
2026-06-24 19:40:43,583 [Worker-20: Launching demo (1)] INFO  o.eclipse.m2e.core.internal.Bundles - 	Entry: D:\EclipseIDE\eclipse\plugins\org.eclipse.m2e.maven.runtime_3.9.700.20240602-2313
2026-06-24 19:40:43,583 [Worker-20: Launching demo (1)] INFO  o.eclipse.m2e.core.internal.Bundles - 	Entry: D:\EclipseIDE\eclipse\plugins\org.eclipse.m2e.maven.runtime_3.9.700.20240602-2313\jars\aopalliance-1.0.jar
2026-06-24 19:40:43,583 [Worker-20: Launching demo (1)] INFO  o.eclipse.m2e.core.internal.Bundles - 	Entry: D:\EclipseIDE\eclipse\plugins\org.eclipse.m2e.maven.runtime_3.9.700.20240602-2313\jars\guice-5.1.0.jar
2026-06-24 19:40:43,583 [Worker-20: Launching demo (1)] INFO  o.eclipse.m2e.core.internal.Bundles - 	Entry: D:\EclipseIDE\eclipse\plugins\org.eclipse.m2e.maven.runtime_3.9.700.20240602-2313\jars\httpclient-4.5.14.jar
2026-06-24 19:40:43,584 [Worker-20: Launching demo (1)] INFO  o.eclipse.m2e.core.internal.Bundles - 	Entry: D:\EclipseIDE\eclipse\plugins\org.eclipse.m2e.maven.runtime_3.9.700.20240602-2313\jars\httpcore-4.4.16.jar
2026-06-24 19:40:43,584 [Worker-20: Launching demo (1)] INFO  o.eclipse.m2e.core.internal.Bundles - 	Entry: D:\EclipseIDE\eclipse\plugins\org.eclipse.m2e.maven.runtime_3.9.700.20240602-2313\jars\jansi-2.4.1.jar
2026-06-24 19:40:43,584 [Worker-20: Launching demo (1)] INFO  o.eclipse.m2e.core.internal.Bundles - 	Entry: D:\EclipseIDE\eclipse\plugins\org.eclipse.m2e.maven.runtime_3.9.700.20240602-2313\jars\jcl-over-slf4j-1.7.36.jar
2026-06-24 19:40:43,584 [Worker-20: Launching demo (1)] INFO  o.eclipse.m2e.core.internal.Bundles - 	Entry: D:\EclipseIDE\eclipse\plugins\org.eclipse.m2e.maven.runtime_3.9.700.20240602-2313\jars\maven-artifact-3.9.7.jar
2026-06-24 19:40:43,584 [Worker-20: Launching demo (1)] INFO  o.eclipse.m2e.core.internal.Bundles - 	Entry: D:\EclipseIDE\eclipse\plugins\org.eclipse.m2e.maven.runtime_3.9.700.20240602-2313\jars\maven-builder-support-3.9.7.jar
2026-06-24 19:40:43,584 [Worker-20: Launching demo (1)] INFO  o.eclipse.m2e.core.internal.Bundles - 	Entry: D:\EclipseIDE\eclipse\plugins\org.eclipse.m2e.maven.runtime_3.9.700.20240602-2313\jars\maven-compat-3.9.7.jar
2026-06-24 19:40:43,584 [Worker-20: Launching demo (1)] INFO  o.eclipse.m2e.core.internal.Bundles - 	Entry: D:\EclipseIDE\eclipse\plugins\org.eclipse.m2e.maven.runtime_3.9.700.20240602-2313\jars\maven-core-3.9.7.jar
2026-06-24 19:40:43,584 [Worker-20: Launching demo (1)] INFO  o.eclipse.m2e.core.internal.Bundles - 	Entry: D:\EclipseIDE\eclipse\plugins\org.eclipse.m2e.maven.runtime_3.9.700.20240602-2313\jars\maven-embedder-3.9.7.jar
2026-06-24 19:40:43,584 [Worker-20: Launching demo (1)] INFO  o.eclipse.m2e.core.internal.Bundles - 	Entry: D:\EclipseIDE\eclipse\plugins\org.eclipse.m2e.maven.runtime_3.9.700.20240602-2313\jars\maven-model-3.9.7.jar
2026-06-24 19:40:43,585 [Worker-20: Launching demo (1)] INFO  o.eclipse.m2e.core.internal.Bundles - 	Entry: D:\EclipseIDE\eclipse\plugins\org.eclipse.m2e.maven.runtime_3.9.700.20240602-2313\jars\maven-model-builder-3.9.7.jar
2026-06-24 19:40:43,585 [Worker-20: Launching demo (1)] INFO  o.eclipse.m2e.core.internal.Bundles - 	Entry: D:\EclipseIDE\eclipse\plugins\org.eclipse.m2e.maven.runtime_3.9.700.20240602-2313\jars\maven-plugin-api-3.9.7.jar
2026-06-24 19:40:43,585 [Worker-20: Launching demo (1)] INFO  o.eclipse.m2e.core.internal.Bundles - 	Entry: D:\EclipseIDE\eclipse\plugins\org.eclipse.m2e.maven.runtime_3.9.700.20240602-2313\jars\maven-repository-metadata-3.9.7.jar
2026-06-24 19:40:43,585 [Worker-20: Launching demo (1)] INFO  o.eclipse.m2e.core.internal.Bundles - 	Entry: D:\EclipseIDE\eclipse\plugins\org.eclipse.m2e.maven.runtime_3.9.700.20240602-2313\jars\maven-resolver-api-1.9.20.jar
2026-06-24 19:40:43,585 [Worker-20: Launching demo (1)] INFO  o.eclipse.m2e.core.internal.Bundles - 	Entry: D:\EclipseIDE\eclipse\plugins\org.eclipse.m2e.maven.runtime_3.9.700.20240602-2313\jars\maven-resolver-connector-basic-1.9.20.jar
2026-06-24 19:40:43,585 [Worker-20: Launching demo (1)] INFO  o.eclipse.m2e.core.internal.Bundles - 	Entry: D:\EclipseIDE\eclipse\plugins\org.eclipse.m2e.maven.runtime_3.9.700.20240602-2313\jars\maven-resolver-impl-1.9.20.jar
2026-06-24 19:40:43,585 [Worker-20: Launching demo (1)] INFO  o.eclipse.m2e.core.internal.Bundles - 	Entry: D:\EclipseIDE\eclipse\plugins\org.eclipse.m2e.maven.runtime_3.9.700.20240602-2313\jars\maven-resolver-named-locks-1.9.20.jar
2026-06-24 19:40:43,585 [Worker-20: Launching demo (1)] INFO  o.eclipse.m2e.core.internal.Bundles - 	Entry: D:\EclipseIDE\eclipse\plugins\org.eclipse.m2e.maven.runtime_3.9.700.20240602-2313\jars\maven-resolver-provider-3.9.7.jar
2026-06-24 19:40:43,585 [Worker-20: Launching demo (1)] INFO  o.eclipse.m2e.core.internal.Bundles - 	Entry: D:\EclipseIDE\eclipse\plugins\org.eclipse.m2e.maven.runtime_3.9.700.20240602-2313\jars\maven-resolver-spi-1.9.20.jar
2026-06-24 19:40:43,586 [Worker-20: Launching demo (1)] INFO  o.eclipse.m2e.core.internal.Bundles - 	Entry: D:\EclipseIDE\eclipse\plugins\org.eclipse.m2e.maven.runtime_3.9.700.20240602-2313\jars\maven-resolver-transport-file-1.9.20.jar
2026-06-24 19:40:43,586 [Worker-20: Launching demo (1)] INFO  o.eclipse.m2e.core.internal.Bundles - 	Entry: D:\EclipseIDE\eclipse\plugins\org.eclipse.m2e.maven.runtime_3.9.700.20240602-2313\jars\maven-resolver-transport-http-1.9.20.jar
2026-06-24 19:40:43,586 [Worker-20: Launching demo (1)] INFO  o.eclipse.m2e.core.internal.Bundles - 	Entry: D:\EclipseIDE\eclipse\plugins\org.eclipse.m2e.maven.runtime_3.9.700.20240602-2313\jars\maven-resolver-transport-wagon-1.9.20.jar
2026-06-24 19:40:43,586 [Worker-20: Launching demo (1)] INFO  o.eclipse.m2e.core.internal.Bundles - 	Entry: D:\EclipseIDE\eclipse\plugins\org.eclipse.m2e.maven.runtime_3.9.700.20240602-2313\jars\maven-resolver-util-1.9.20.jar
2026-06-24 19:40:43,586 [Worker-20: Launching demo (1)] INFO  o.eclipse.m2e.core.internal.Bundles - 	Entry: D:\EclipseIDE\eclipse\plugins\org.eclipse.m2e.maven.runtime_3.9.700.20240602-2313\jars\maven-settings-3.9.7.jar
2026-06-24 19:40:43,586 [Worker-20: Launching demo (1)] INFO  o.eclipse.m2e.core.internal.Bundles - 	Entry: D:\EclipseIDE\eclipse\plugins\org.eclipse.m2e.maven.runtime_3.9.700.20240602-2313\jars\maven-settings-builder-3.9.7.jar
2026-06-24 19:40:43,586 [Worker-20: Launching demo (1)] INFO  o.eclipse.m2e.core.internal.Bundles - 	Entry: D:\EclipseIDE\eclipse\plugins\org.eclipse.m2e.maven.runtime_3.9.700.20240602-2313\jars\maven-shared-utils-3.4.2.jar
2026-06-24 19:40:43,586 [Worker-20: Launching demo (1)] INFO  o.eclipse.m2e.core.internal.Bundles - 	Entry: D:\EclipseIDE\eclipse\plugins\org.eclipse.m2e.maven.runtime_3.9.700.20240602-2313\jars\org.eclipse.sisu.inject-0.9.0.M2.jar
2026-06-24 19:40:43,586 [Worker-20: Launching demo (1)] INFO  o.eclipse.m2e.core.internal.Bundles - 	Entry: D:\EclipseIDE\eclipse\plugins\org.eclipse.m2e.maven.runtime_3.9.700.20240602-2313\jars\org.eclipse.sisu.plexus-0.9.0.M2.jar
2026-06-24 19:40:43,586 [Worker-20: Launching demo (1)] INFO  o.eclipse.m2e.core.internal.Bundles - 	Entry: D:\EclipseIDE\eclipse\plugins\org.eclipse.m2e.maven.runtime_3.9.700.20240602-2313\jars\plexus-build-api-0.0.7.jar
2026-06-24 19:40:43,586 [Worker-20: Launching demo (1)] INFO  o.eclipse.m2e.core.internal.Bundles - 	Entry: D:\EclipseIDE\eclipse\plugins\org.eclipse.m2e.maven.runtime_3.9.700.20240602-2313\jars\plexus-build-api-1.2.0.jar
2026-06-24 19:40:43,586 [Worker-20: Launching demo (1)] INFO  o.eclipse.m2e.core.internal.Bundles - 	Entry: D:\EclipseIDE\eclipse\plugins\org.eclipse.m2e.maven.runtime_3.9.700.20240602-2313\jars\plexus-cipher-2.0.jar
2026-06-24 19:40:43,586 [Worker-20: Launching demo (1)] INFO  o.eclipse.m2e.core.internal.Bundles - 	Entry: D:\EclipseIDE\eclipse\plugins\org.eclipse.m2e.maven.runtime_3.9.700.20240602-2313\jars\plexus-classworlds-2.8.0.jar
2026-06-24 19:40:43,587 [Worker-20: Launching demo (1)] INFO  o.eclipse.m2e.core.internal.Bundles - 	Entry: D:\EclipseIDE\eclipse\plugins\org.eclipse.m2e.maven.runtime_3.9.700.20240602-2313\jars\plexus-component-annotations-2.1.0.jar
2026-06-24 19:40:43,587 [Worker-20: Launching demo (1)] INFO  o.eclipse.m2e.core.internal.Bundles - 	Entry: D:\EclipseIDE\eclipse\plugins\org.eclipse.m2e.maven.runtime_3.9.700.20240602-2313\jars\plexus-interpolation-1.27.jar
2026-06-24 19:40:43,587 [Worker-20: Launching demo (1)] INFO  o.eclipse.m2e.core.internal.Bundles - 	Entry: D:\EclipseIDE\eclipse\plugins\org.eclipse.m2e.maven.runtime_3.9.700.20240602-2313\jars\plexus-sec-dispatcher-2.0.jar
2026-06-24 19:40:43,587 [Worker-20: Launching demo (1)] INFO  o.eclipse.m2e.core.internal.Bundles - 	Entry: D:\EclipseIDE\eclipse\plugins\org.eclipse.m2e.maven.runtime_3.9.700.20240602-2313\jars\plexus-utils-3.5.1.jar
2026-06-24 19:40:43,587 [Worker-20: Launching demo (1)] INFO  o.eclipse.m2e.core.internal.Bundles - 	Entry: D:\EclipseIDE\eclipse\plugins\org.eclipse.m2e.maven.runtime_3.9.700.20240602-2313\jars\wagon-file-3.5.3.jar
2026-06-24 19:40:43,587 [Worker-20: Launching demo (1)] INFO  o.eclipse.m2e.core.internal.Bundles - 	Entry: D:\EclipseIDE\eclipse\plugins\org.eclipse.m2e.maven.runtime_3.9.700.20240602-2313\jars\wagon-http-3.5.3.jar
2026-06-24 19:40:43,587 [Worker-20: Launching demo (1)] INFO  o.eclipse.m2e.core.internal.Bundles - 	Entry: D:\EclipseIDE\eclipse\plugins\org.eclipse.m2e.maven.runtime_3.9.700.20240602-2313\jars\wagon-http-shared-3.5.3.jar
2026-06-24 19:40:43,588 [Worker-20: Launching demo (1)] INFO  o.eclipse.m2e.core.internal.Bundles - 	Entry: D:\EclipseIDE\eclipse\plugins\org.eclipse.m2e.maven.runtime_3.9.700.20240602-2313\jars\wagon-provider-api-3.5.3.jar
2026-06-24 19:40:43,588 [Worker-20: Launching demo (1)] INFO  o.eclipse.m2e.core.internal.Bundles - getClasspathEntries(Bundle=com.google.guava_33.2.0.jre [16])
2026-06-24 19:40:43,588 [Worker-20: Launching demo (1)] INFO  o.eclipse.m2e.core.internal.Bundles - 	Entry: D:\EclipseIDE\eclipse\plugins\com.google.guava_33.2.0.jre.jar
2026-06-24 19:40:43,588 [Worker-20: Launching demo (1)] INFO  o.eclipse.m2e.core.internal.Bundles - getClasspathEntries(Bundle=slf4j.api_2.0.13 [1010])
2026-06-24 19:40:43,588 [Worker-20: Launching demo (1)] INFO  o.eclipse.m2e.core.internal.Bundles - 	Entry: D:\EclipseIDE\eclipse\plugins\slf4j.api_2.0.13.jar
2026-06-24 19:40:43,588 [Worker-20: Launching demo (1)] INFO  o.eclipse.m2e.core.internal.Bundles - getClasspathEntries(Bundle=jakarta.inject.jakarta.inject-api_1.0.5 [33])
2026-06-24 19:40:43,588 [Worker-20: Launching demo (1)] INFO  o.eclipse.m2e.core.internal.Bundles - 	Entry: D:\EclipseIDE\eclipse\plugins\jakarta.inject.jakarta.inject-api_1.0.5.jar
2026-06-24 19:40:43,589 [Worker-20: Launching demo (1)] INFO  o.eclipse.m2e.core.internal.Bundles - getClasspathEntries(Bundle=javax.annotation_1.3.5.v20200909-1856 [44])
2026-06-24 19:40:43,589 [Worker-20: Launching demo (1)] INFO  o.eclipse.m2e.core.internal.Bundles - 	Entry: D:\EclipseIDE\eclipse\plugins\javax.annotation_1.3.5.v20200909-1856.jar
2026-06-24 19:40:43,589 [Worker-20: Launching demo (1)] INFO  o.eclipse.m2e.core.internal.Bundles - getClasspathEntries(Bundle=org.apache.commons.cli_1.8.0 [78])
2026-06-24 19:40:43,589 [Worker-20: Launching demo (1)] INFO  o.eclipse.m2e.core.internal.Bundles - 	Entry: D:\EclipseIDE\eclipse\plugins\org.apache.commons.cli_1.8.0.jar
2026-06-24 19:40:43,589 [Worker-20: Launching demo (1)] INFO  o.eclipse.m2e.core.internal.Bundles - getClasspathEntries(Bundle=org.apache.commons.commons-codec_1.16.0 [81])
2026-06-24 19:40:43,589 [Worker-20: Launching demo (1)] INFO  o.eclipse.m2e.core.internal.Bundles - 	Entry: D:\EclipseIDE\eclipse\plugins\org.apache.commons.commons-codec_1.16.0.jar
2026-06-24 19:40:43,589 [Worker-20: Launching demo (1)] INFO  o.eclipse.m2e.core.internal.Bundles - getClasspathEntries(Bundle=org.apache.commons.lang3_3.14.0 [89])
2026-06-24 19:40:43,589 [Worker-20: Launching demo (1)] INFO  o.eclipse.m2e.core.internal.Bundles - 	Entry: D:\EclipseIDE\eclipse\plugins\org.apache.commons.lang3_3.14.0.jar
2026-06-24 19:40:43,589 [Worker-20: Launching demo (1)] INFO  o.eclipse.m2e.core.internal.Bundles - getClasspathEntries(Bundle=com.google.guava.failureaccess_1.0.2 [17])
2026-06-24 19:40:43,589 [Worker-20: Launching demo (1)] INFO  o.eclipse.m2e.core.internal.Bundles - 	Entry: D:\EclipseIDE\eclipse\plugins\com.google.guava.failureaccess_1.0.2.jar
2026-06-24 19:40:43,591 [Worker-20: Launching demo (1)] INFO  o.e.m.i.launch.MavenLaunchDelegate - Run build in "C:\ex2\demo":
2026-06-24 19:40:43,591 [Worker-20: Launching demo (1)] INFO  o.e.m.i.launch.MavenLaunchDelegate -  mvn  -B -Dstyle.color=always clean install
2026-06-24 19:41:17,630 [Worker-9: Building] INFO  o.a.m.s.f.DefaultMavenResourcesFiltering - Copying 1 resource from src\main\resources to target\classes
2026-06-24 19:41:17,637 [Worker-9: Building] INFO  o.a.m.s.f.DefaultMavenResourcesFiltering - Copying 0 resource from src\main\resources to target\classes
2026-06-24 19:41:17,640 [Worker-9: Building] INFO  o.a.m.s.f.DefaultMavenResourcesFiltering - skip non existing resourceDirectory C:\ex2\demo\src\test\resources
2026-06-24 19:42:29,348 [main] INFO  o.e.m2e.actions.ExecutePomAction - Creating new launch configuration
2026-06-24 19:42:37,500 [Worker-13: Launching demo (2)] INFO  o.eclipse.m2e.core.internal.Bundles - getClasspathEntries(Bundle=org.eclipse.m2e.maven.runtime_3.9.700.20240602-2313 [645])
2026-06-24 19:42:37,500 [Worker-13: Launching demo (2)] INFO  o.eclipse.m2e.core.internal.Bundles - 	Entry: D:\EclipseIDE\eclipse\plugins\org.eclipse.m2e.maven.runtime_3.9.700.20240602-2313
2026-06-24 19:42:37,500 [Worker-13: Launching demo (2)] INFO  o.eclipse.m2e.core.internal.Bundles - 	Entry: D:\EclipseIDE\eclipse\plugins\org.eclipse.m2e.maven.runtime_3.9.700.20240602-2313\jars\aopalliance-1.0.jar
2026-06-24 19:42:37,500 [Worker-13: Launching demo (2)] INFO  o.eclipse.m2e.core.internal.Bundles - 	Entry: D:\EclipseIDE\eclipse\plugins\org.eclipse.m2e.maven.runtime_3.9.700.20240602-2313\jars\guice-5.1.0.jar
2026-06-24 19:42:37,500 [Worker-13: Launching demo (2)] INFO  o.eclipse.m2e.core.internal.Bundles - 	Entry: D:\EclipseIDE\eclipse\plugins\org.eclipse.m2e.maven.runtime_3.9.700.20240602-2313\jars\httpclient-4.5.14.jar
2026-06-24 19:42:37,500 [Worker-13: Launching demo (2)] INFO  o.eclipse.m2e.core.internal.Bundles - 	Entry: D:\EclipseIDE\eclipse\plugins\org.eclipse.m2e.maven.runtime_3.9.700.20240602-2313\jars\httpcore-4.4.16.jar
2026-06-24 19:42:37,500 [Worker-13: Launching demo (2)] INFO  o.eclipse.m2e.core.internal.Bundles - 	Entry: D:\EclipseIDE\eclipse\plugins\org.eclipse.m2e.maven.runtime_3.9.700.20240602-2313\jars\jansi-2.4.1.jar
2026-06-24 19:42:37,500 [Worker-13: Launching demo (2)] INFO  o.eclipse.m2e.core.internal.Bundles - 	Entry: D:\EclipseIDE\eclipse\plugins\org.eclipse.m2e.maven.runtime_3.9.700.20240602-2313\jars\jcl-over-slf4j-1.7.36.jar
2026-06-24 19:42:37,501 [Worker-13: Launching demo (2)] INFO  o.eclipse.m2e.core.internal.Bundles - 	Entry: D:\EclipseIDE\eclipse\plugins\org.eclipse.m2e.maven.runtime_3.9.700.20240602-2313\jars\maven-artifact-3.9.7.jar
2026-06-24 19:42:37,501 [Worker-13: Launching demo (2)] INFO  o.eclipse.m2e.core.internal.Bundles - 	Entry: D:\EclipseIDE\eclipse\plugins\org.eclipse.m2e.maven.runtime_3.9.700.20240602-2313\jars\maven-builder-support-3.9.7.jar
2026-06-24 19:42:37,501 [Worker-13: Launching demo (2)] INFO  o.eclipse.m2e.core.internal.Bundles - 	Entry: D:\EclipseIDE\eclipse\plugins\org.eclipse.m2e.maven.runtime_3.9.700.20240602-2313\jars\maven-compat-3.9.7.jar
2026-06-24 19:42:37,501 [Worker-13: Launching demo (2)] INFO  o.eclipse.m2e.core.internal.Bundles - 	Entry: D:\EclipseIDE\eclipse\plugins\org.eclipse.m2e.maven.runtime_3.9.700.20240602-2313\jars\maven-core-3.9.7.jar
2026-06-24 19:42:37,501 [Worker-13: Launching demo (2)] INFO  o.eclipse.m2e.core.internal.Bundles - 	Entry: D:\EclipseIDE\eclipse\plugins\org.eclipse.m2e.maven.runtime_3.9.700.20240602-2313\jars\maven-embedder-3.9.7.jar
2026-06-24 19:42:37,501 [Worker-13: Launching demo (2)] INFO  o.eclipse.m2e.core.internal.Bundles - 	Entry: D:\EclipseIDE\eclipse\plugins\org.eclipse.m2e.maven.runtime_3.9.700.20240602-2313\jars\maven-model-3.9.7.jar
2026-06-24 19:42:37,501 [Worker-13: Launching demo (2)] INFO  o.eclipse.m2e.core.internal.Bundles - 	Entry: D:\EclipseIDE\eclipse\plugins\org.eclipse.m2e.maven.runtime_3.9.700.20240602-2313\jars\maven-model-builder-3.9.7.jar
2026-06-24 19:42:37,501 [Worker-13: Launching demo (2)] INFO  o.eclipse.m2e.core.internal.Bundles - 	Entry: D:\EclipseIDE\eclipse\plugins\org.eclipse.m2e.maven.runtime_3.9.700.20240602-2313\jars\maven-plugin-api-3.9.7.jar
2026-06-24 19:42:37,501 [Worker-13: Launching demo (2)] INFO  o.eclipse.m2e.core.internal.Bundles - 	Entry: D:\EclipseIDE\eclipse\plugins\org.eclipse.m2e.maven.runtime_3.9.700.20240602-2313\jars\maven-repository-metadata-3.9.7.jar
2026-06-24 19:42:37,501 [Worker-13: Launching demo (2)] INFO  o.eclipse.m2e.core.internal.Bundles - 	Entry: D:\EclipseIDE\eclipse\plugins\org.eclipse.m2e.maven.runtime_3.9.700.20240602-2313\jars\maven-resolver-api-1.9.20.jar
2026-06-24 19:42:37,501 [Worker-13: Launching demo (2)] INFO  o.eclipse.m2e.core.internal.Bundles - 	Entry: D:\EclipseIDE\eclipse\plugins\org.eclipse.m2e.maven.runtime_3.9.700.20240602-2313\jars\maven-resolver-connector-basic-1.9.20.jar
2026-06-24 19:42:37,501 [Worker-13: Launching demo (2)] INFO  o.eclipse.m2e.core.internal.Bundles - 	Entry: D:\EclipseIDE\eclipse\plugins\org.eclipse.m2e.maven.runtime_3.9.700.20240602-2313\jars\maven-resolver-impl-1.9.20.jar
2026-06-24 19:42:37,501 [Worker-13: Launching demo (2)] INFO  o.eclipse.m2e.core.internal.Bundles - 	Entry: D:\EclipseIDE\eclipse\plugins\org.eclipse.m2e.maven.runtime_3.9.700.20240602-2313\jars\maven-resolver-named-locks-1.9.20.jar
2026-06-24 19:42:37,501 [Worker-13: Launching demo (2)] INFO  o.eclipse.m2e.core.internal.Bundles - 	Entry: D:\EclipseIDE\eclipse\plugins\org.eclipse.m2e.maven.runtime_3.9.700.20240602-2313\jars\maven-resolver-provider-3.9.7.jar
2026-06-24 19:42:37,501 [Worker-13: Launching demo (2)] INFO  o.eclipse.m2e.core.internal.Bundles - 	Entry: D:\EclipseIDE\eclipse\plugins\org.eclipse.m2e.maven.runtime_3.9.700.20240602-2313\jars\maven-resolver-spi-1.9.20.jar
2026-06-24 19:42:37,502 [Worker-13: Launching demo (2)] INFO  o.eclipse.m2e.core.internal.Bundles - 	Entry: D:\EclipseIDE\eclipse\plugins\org.eclipse.m2e.maven.runtime_3.9.700.20240602-2313\jars\maven-resolver-transport-file-1.9.20.jar
2026-06-24 19:42:37,502 [Worker-13: Launching demo (2)] INFO  o.eclipse.m2e.core.internal.Bundles - 	Entry: D:\EclipseIDE\eclipse\plugins\org.eclipse.m2e.maven.runtime_3.9.700.20240602-2313\jars\maven-resolver-transport-http-1.9.20.jar
2026-06-24 19:42:37,502 [Worker-13: Launching demo (2)] INFO  o.eclipse.m2e.core.internal.Bundles - 	Entry: D:\EclipseIDE\eclipse\plugins\org.eclipse.m2e.maven.runtime_3.9.700.20240602-2313\jars\maven-resolver-transport-wagon-1.9.20.jar
2026-06-24 19:42:37,502 [Worker-13: Launching demo (2)] INFO  o.eclipse.m2e.core.internal.Bundles - 	Entry: D:\EclipseIDE\eclipse\plugins\org.eclipse.m2e.maven.runtime_3.9.700.20240602-2313\jars\maven-resolver-util-1.9.20.jar
2026-06-24 19:42:37,502 [Worker-13: Launching demo (2)] INFO  o.eclipse.m2e.core.internal.Bundles - 	Entry: D:\EclipseIDE\eclipse\plugins\org.eclipse.m2e.maven.runtime_3.9.700.20240602-2313\jars\maven-settings-3.9.7.jar
2026-06-24 19:42:37,502 [Worker-13: Launching demo (2)] INFO  o.eclipse.m2e.core.internal.Bundles - 	Entry: D:\EclipseIDE\eclipse\plugins\org.eclipse.m2e.maven.runtime_3.9.700.20240602-2313\jars\maven-settings-builder-3.9.7.jar
2026-06-24 19:42:37,502 [Worker-13: Launching demo (2)] INFO  o.eclipse.m2e.core.internal.Bundles - 	Entry: D:\EclipseIDE\eclipse\plugins\org.eclipse.m2e.maven.runtime_3.9.700.20240602-2313\jars\maven-shared-utils-3.4.2.jar
2026-06-24 19:42:37,502 [Worker-13: Launching demo (2)] INFO  o.eclipse.m2e.core.internal.Bundles - 	Entry: D:\EclipseIDE\eclipse\plugins\org.eclipse.m2e.maven.runtime_3.9.700.20240602-2313\jars\org.eclipse.sisu.inject-0.9.0.M2.jar
2026-06-24 19:42:37,502 [Worker-13: Launching demo (2)] INFO  o.eclipse.m2e.core.internal.Bundles - 	Entry: D:\EclipseIDE\eclipse\plugins\org.eclipse.m2e.maven.runtime_3.9.700.20240602-2313\jars\org.eclipse.sisu.plexus-0.9.0.M2.jar
2026-06-24 19:42:37,502 [Worker-13: Launching demo (2)] INFO  o.eclipse.m2e.core.internal.Bundles - 	Entry: D:\EclipseIDE\eclipse\plugins\org.eclipse.m2e.maven.runtime_3.9.700.20240602-2313\jars\plexus-build-api-0.0.7.jar
2026-06-24 19:42:37,502 [Worker-13: Launching demo (2)] INFO  o.eclipse.m2e.core.internal.Bundles - 	Entry: D:\EclipseIDE\eclipse\plugins\org.eclipse.m2e.maven.runtime_3.9.700.20240602-2313\jars\plexus-build-api-1.2.0.jar
2026-06-24 19:42:37,502 [Worker-13: Launching demo (2)] INFO  o.eclipse.m2e.core.internal.Bundles - 	Entry: D:\EclipseIDE\eclipse\plugins\org.eclipse.m2e.maven.runtime_3.9.700.20240602-2313\jars\plexus-cipher-2.0.jar
2026-06-24 19:42:37,502 [Worker-13: Launching demo (2)] INFO  o.eclipse.m2e.core.internal.Bundles - 	Entry: D:\EclipseIDE\eclipse\plugins\org.eclipse.m2e.maven.runtime_3.9.700.20240602-2313\jars\plexus-classworlds-2.8.0.jar
2026-06-24 19:42:37,502 [Worker-13: Launching demo (2)] INFO  o.eclipse.m2e.core.internal.Bundles - 	Entry: D:\EclipseIDE\eclipse\plugins\org.eclipse.m2e.maven.runtime_3.9.700.20240602-2313\jars\plexus-component-annotations-2.1.0.jar
2026-06-24 19:42:37,502 [Worker-13: Launching demo (2)] INFO  o.eclipse.m2e.core.internal.Bundles - 	Entry: D:\EclipseIDE\eclipse\plugins\org.eclipse.m2e.maven.runtime_3.9.700.20240602-2313\jars\plexus-interpolation-1.27.jar
2026-06-24 19:42:37,503 [Worker-13: Launching demo (2)] INFO  o.eclipse.m2e.core.internal.Bundles - 	Entry: D:\EclipseIDE\eclipse\plugins\org.eclipse.m2e.maven.runtime_3.9.700.20240602-2313\jars\plexus-sec-dispatcher-2.0.jar
2026-06-24 19:42:37,503 [Worker-13: Launching demo (2)] INFO  o.eclipse.m2e.core.internal.Bundles - 	Entry: D:\EclipseIDE\eclipse\plugins\org.eclipse.m2e.maven.runtime_3.9.700.20240602-2313\jars\plexus-utils-3.5.1.jar
2026-06-24 19:42:37,503 [Worker-13: Launching demo (2)] INFO  o.eclipse.m2e.core.internal.Bundles - 	Entry: D:\EclipseIDE\eclipse\plugins\org.eclipse.m2e.maven.runtime_3.9.700.20240602-2313\jars\wagon-file-3.5.3.jar
2026-06-24 19:42:37,503 [Worker-13: Launching demo (2)] INFO  o.eclipse.m2e.core.internal.Bundles - 	Entry: D:\EclipseIDE\eclipse\plugins\org.eclipse.m2e.maven.runtime_3.9.700.20240602-2313\jars\wagon-http-3.5.3.jar
2026-06-24 19:42:37,503 [Worker-13: Launching demo (2)] INFO  o.eclipse.m2e.core.internal.Bundles - 	Entry: D:\EclipseIDE\eclipse\plugins\org.eclipse.m2e.maven.runtime_3.9.700.20240602-2313\jars\wagon-http-shared-3.5.3.jar
2026-06-24 19:42:37,503 [Worker-13: Launching demo (2)] INFO  o.eclipse.m2e.core.internal.Bundles - 	Entry: D:\EclipseIDE\eclipse\plugins\org.eclipse.m2e.maven.runtime_3.9.700.20240602-2313\jars\wagon-provider-api-3.5.3.jar
2026-06-24 19:42:37,503 [Worker-13: Launching demo (2)] INFO  o.eclipse.m2e.core.internal.Bundles - getClasspathEntries(Bundle=com.google.guava_33.2.0.jre [16])
2026-06-24 19:42:37,504 [Worker-13: Launching demo (2)] INFO  o.eclipse.m2e.core.internal.Bundles - 	Entry: D:\EclipseIDE\eclipse\plugins\com.google.guava_33.2.0.jre.jar
2026-06-24 19:42:37,504 [Worker-13: Launching demo (2)] INFO  o.eclipse.m2e.core.internal.Bundles - getClasspathEntries(Bundle=slf4j.api_2.0.13 [1010])
2026-06-24 19:42:37,504 [Worker-13: Launching demo (2)] INFO  o.eclipse.m2e.core.internal.Bundles - 	Entry: D:\EclipseIDE\eclipse\plugins\slf4j.api_2.0.13.jar
2026-06-24 19:42:37,504 [Worker-13: Launching demo (2)] INFO  o.eclipse.m2e.core.internal.Bundles - getClasspathEntries(Bundle=jakarta.inject.jakarta.inject-api_1.0.5 [33])
2026-06-24 19:42:37,504 [Worker-13: Launching demo (2)] INFO  o.eclipse.m2e.core.internal.Bundles - 	Entry: D:\EclipseIDE\eclipse\plugins\jakarta.inject.jakarta.inject-api_1.0.5.jar
2026-06-24 19:42:37,504 [Worker-13: Launching demo (2)] INFO  o.eclipse.m2e.core.internal.Bundles - getClasspathEntries(Bundle=javax.annotation_1.3.5.v20200909-1856 [44])
2026-06-24 19:42:37,504 [Worker-13: Launching demo (2)] INFO  o.eclipse.m2e.core.internal.Bundles - 	Entry: D:\EclipseIDE\eclipse\plugins\javax.annotation_1.3.5.v20200909-1856.jar
2026-06-24 19:42:37,504 [Worker-13: Launching demo (2)] INFO  o.eclipse.m2e.core.internal.Bundles - getClasspathEntries(Bundle=org.apache.commons.cli_1.8.0 [78])
2026-06-24 19:42:37,504 [Worker-13: Launching demo (2)] INFO  o.eclipse.m2e.core.internal.Bundles - 	Entry: D:\EclipseIDE\eclipse\plugins\org.apache.commons.cli_1.8.0.jar
2026-06-24 19:42:37,504 [Worker-13: Launching demo (2)] INFO  o.eclipse.m2e.core.internal.Bundles - getClasspathEntries(Bundle=org.apache.commons.commons-codec_1.16.0 [81])
2026-06-24 19:42:37,505 [Worker-13: Launching demo (2)] INFO  o.eclipse.m2e.core.internal.Bundles - 	Entry: D:\EclipseIDE\eclipse\plugins\org.apache.commons.commons-codec_1.16.0.jar
2026-06-24 19:42:37,505 [Worker-13: Launching demo (2)] INFO  o.eclipse.m2e.core.internal.Bundles - getClasspathEntries(Bundle=org.apache.commons.lang3_3.14.0 [89])
2026-06-24 19:42:37,505 [Worker-13: Launching demo (2)] INFO  o.eclipse.m2e.core.internal.Bundles - 	Entry: D:\EclipseIDE\eclipse\plugins\org.apache.commons.lang3_3.14.0.jar
2026-06-24 19:42:37,505 [Worker-13: Launching demo (2)] INFO  o.eclipse.m2e.core.internal.Bundles - getClasspathEntries(Bundle=com.google.guava.failureaccess_1.0.2 [17])
2026-06-24 19:42:37,505 [Worker-13: Launching demo (2)] INFO  o.eclipse.m2e.core.internal.Bundles - 	Entry: D:\EclipseIDE\eclipse\plugins\com.google.guava.failureaccess_1.0.2.jar
2026-06-24 19:42:37,506 [Worker-13: Launching demo (2)] INFO  o.e.m.i.launch.MavenLaunchDelegate - Run build in "C:\ex2\demo":
2026-06-24 19:42:37,506 [Worker-13: Launching demo (2)] INFO  o.e.m.i.launch.MavenLaunchDelegate -  mvn  -B -Dstyle.color=always clean install
2026-06-24 19:42:50,177 [Worker-9: Building] INFO  o.a.m.s.f.DefaultMavenResourcesFiltering - Copying 1 resource from src\main\resources to target\classes
2026-06-24 19:42:50,199 [Worker-9: Building] INFO  o.a.m.s.f.DefaultMavenResourcesFiltering - Copying 0 resource from src\main\resources to target\classes
2026-06-24 19:42:50,205 [Worker-9: Building] INFO  o.a.m.s.f.DefaultMavenResourcesFiltering - skip non existing resourceDirectory C:\ex2\demo\src\test\resources
